C51 COMPILER V9.60.0.0   MAIN                                                              07/03/2025 16:57:05 PAGE 1   


C51 COMPILER V9.60.0.0, COMPILATION OF MODULE MAIN
OBJECT MODULE PLACED IN .\Objects\main.obj
COMPILER INVOKED BY: D:\Nandkishor\Software\C51\BIN\C51.EXE main.c OPTIMIZE(8,SPEED) BROWSE INCDIR(..\N76E003_BSP_Keil_C
                    -51_V1.0.6;..\..\N76E003_BSP_Keil_C51_V1.0.6\N76E003_BSP_Keil_C51_V1.0.6\Include;..\..\N76E003_BSP_Keil_C51_V1.0.6\N76E00
                    -3_BSP_Keil_C51_V1.0.6\Common) DEBUG OBJECTEXTEND PRINT(.\Listings\main.lst) TABS(2) OBJECT(.\Objects\main.obj)

line level    source

   1          #include "N76E003.h"
   2          #include "Common.h"
   3          #include "Delay.h"
   4          #include "SFR_Macro.h"
   5          #include "Function_define.h"
   6          //#include "stdint.h" // for uint16_t
   7          
   8          
   9          // i2c variable start //
  10          #define I2C_CLOCK            13
  11          #define EEPROM_SLA           0x15 
  12          
  13          void Init_I2C(void);
  14          
  15          unsigned char temp _at_ 0x08;
  16          unsigned char idata itemp _at_ 0x80;
  17          unsigned char xdata xtemp _at_ 0x80;
  18          
  19          uint8_t data_received[10];
  20          uint8_t data_num = 0;
  21          uint16_t finalADCAVG = 1234;
  22          
  23          volatile bit data_ready = 0;
  24          uint8_t data_len = 0;
  25          
  26          uint8_t i;
  27          
  28          /*==========================================================================*/
  29          void main (void) 
  30          {
  31   1           // char oper;   // Variable to store received character
  32   1      
  33   1           // Initialize UART0 using Timer1, baud rate 9600
  34   1           InitialUART0_Timer3(9600);
  35   1        
  36   1           TI_1 = 1;
  37   1           // Enable_ADC_AIN1;            // Enable AIN1 P3.0 as ADC input, Find in "Function_define.h" - "ADC INIT"
  38   1        
  39   1        /* Initial I2C function */
  40   1           Init_I2C();                                 //initial I2C circuit
  41   1      
  42   1          /*while(1)
  43   1          {
  44   1            adcval = 0;
  45   1            for(a=0; a<CTSampleSize; a++){
  46   1              clr_ADCF;
  47   1              set_ADCS;                 // ADC start trig signal
  48   1              while(ADCF == 0);
  49   1              adcval = ADCRH;
  50   1              adcval = adcval << 4;
  51   1              adcval |= (ADCRL & 0x0f);
  52   1              CT[a] = adcval;
  53   1              Timer0_Delay1ms(2);
C51 COMPILER V9.60.0.0   MAIN                                                              07/03/2025 16:57:05 PAGE 2   

  54   1            }
  55   1            adcAvg = (adcAvg + findMax(CT, CTSampleSize));
  56   1            sampleCounter++;
  57   1            if(sampleCounter >= avgSamples){
  58   1              Timer0_Delay1ms(20);
  59   1              sampleCounter = 0;
  60   1              finalADCAVG = (uint16_t)adcAvg/avgSamples;
  61   1              adcAvg = 0;
  62   1            } 
  63   1        }*/
  64   1        
  65   1        while (1)
  66   1      {
  67   2        
  68   2        if (data_ready)
  69   2          {
  70   3              printf("\nReceived string: ");
  71   3      
  72   3              for (i=0; i<data_len; i++)
  73   3              {
  74   4                  printf("%c", data_received[i]);
  75   4              }
  76   3              printf("\n");
  77   3      
  78   3              data_ready = 0;   // clear flag
  79   3          }
  80   2      
  81   2        
  82   2          /*if (data_ready)
  83   2          {
  84   2              printf("\ndata received: %x", data_received[data_num - 1]);
  85   2              data_ready = 0;
  86   2          }*/
  87   2      
  88   2          //printf("\r\nPress 1 or Press 2 or Press 3 or Press 4");
  89   2      
  90   2         /* while (1)
  91   2          {
  92   2              oper = Receive_Data_From_UART0();
  93   2      
  94   2              // skip \r and \n silently
  95   2              if (oper != '\r' && oper != '\n')
  96   2                  break;
  97   2          }
  98   2          
  99   2              // Print what was received
 100   2              printf("\r\nYou pressed: %c", oper);
 101   2          
 102   2          switch (oper)
 103   2          {
 104   2              case '1':
 105   2                  printf("\r\n1 is pressed");
 106   2                  break;
 107   2              case '2':
 108   2                  printf("\r\n2 is pressed");
 109   2                  break;
 110   2              case '3':
 111   2                  printf("\r\n3 is pressed");
 112   2                  break;
 113   2              case '4':
 114   2                  printf("\r\n4 is pressed");
 115   2                  break;
C51 COMPILER V9.60.0.0   MAIN                                                              07/03/2025 16:57:05 PAGE 3   

 116   2              default:
 117   2                  printf("\r\nWrong key pressed");
 118   2                  break;
 119   2          }*/
 120   2          Timer0_Delay1ms(300);
 121   2       }
 122   1      }
 123          
 124          
 125          void Init_I2C(void)
 126          {
 127   1          P13_Quasi_Mode;                         //set SCL (P13) is Quasi mode
 128   1          P14_Quasi_Mode;                         //set SDA (P14) is Quasi mode
 129   1          
 130   1          SDA = 1;                                //set SDA and SCL pins high
 131   1          SCL = 1;
 132   1          
 133   1          set_P0SR_6;                             //set SCL (P06) is  Schmitt triggered input select.
 134   1          
 135   1          set_EI2C;                               //enable I2C interrupt by setting IE1 bit 0
 136   1          set_EA;
 137   1      
 138   1          I2ADDR = EEPROM_SLA;                    //define own slave address
 139   1          set_I2CEN;                              //enable I2C circuit
 140   1          set_AA;
 141   1      }
 142          
 143          void I2C_ISR(void) interrupt 6
 144          {
 145   1        //printf("\n i2c interrupt happend %x", I2STAT);
 146   1          switch (I2STAT)
 147   1          {
 148   2              case 0x00:
 149   2                  STO = 1;
 150   2                  break;
 151   2      
 152   2              case 0x60:
 153   2                  AA = 1;
 154   2                  //P3 = 0x60;
 155   2                  //printf("\ncase 0x60");
 156   2                  //data_received[data_num] = I2DAT;
 157   2                  //printf("\ndata receive inb 0x60 : %x", data_received[data_num]);
 158   2                  break;
 159   2              
 160   2              case 0x68:
 161   2                  P02 = 0;
 162   2                  while(1);
 163   2                  break;
 164   2      
 165   2              case 0x80:
 166   2                  P3 = 0x80;
 167   2                  //printf("\ndata received\n");
 168   2                  //I2C_start();
 169   2                  //I2C_write_DATA(0x25);
 170   2                  //I2C_stop();
 171   2              
 172   2                  //data_received[data_num] = I2DAT;
 173   2                  //printf("\ndata receive in 0x80 : %x", data_received[data_num]);
 174   2              
 175   2                  //data_num++;
 176   2      
 177   2                  //if (data_num == 34)
C51 COMPILER V9.60.0.0   MAIN                                                              07/03/2025 16:57:05 PAGE 4   

 178   2                  //    AA = 0;
 179   2                  //else
 180   2                  //    AA = 1;
 181   2              
 182   2                    /*data_received[data_num] = I2DAT;
 183   2                    printf("\ndata received: %x", data_received[data_num - 1]);
 184   2                    data_num++;
 185   2                    //data_ready = 1;
 186   2                    AA = 1;*/
 187   2                    
 188   2                    data_received[data_num] = I2DAT;
 189   2                    data_num++;
 190   2                    if (data_num >= sizeof(data_received))
 191   2                    {
 192   3                       data_ready = 1;   // buffer full, process in main
 193   3                       data_num = 0;     // reset index for next string
 194   3                    }
 195   2                    AA = 1;               // acknowledge to continue receiving  
 196   2                  break;
 197   2      
 198   2              case 0x88:
 199   2                  //P3 = 0x88;
 200   2                  //data_received[data_num] = I2DAT;
 201   2                  //data_num = 0;
 202   2                  AA = 1;
 203   2                  break;
 204   2      
 205   2              case 0xA0:
 206   2                  //P3 = 0xA0;
 207   2                    data_len = data_num;    // store length of received string
 208   2                    data_ready = 1;         // flag main loop to process
 209   2                    data_num = 0;           // reset index
 210   2                  AA = 1;
 211   2                  break;
 212   2      
 213   2              case 0xA8:
 214   2                  I2DAT = finalADCAVG/100; // ((finalADCAVG & 0xff00)>>8);
 215   2                  clr_SI;
 216   2                  while (!SI);                            //Check SI set or not
 217   2                  I2DAT = finalADCAVG%100; // (finalADCAVG & 0x00ff);
 218   2                  // data_num++;
 219   2                  AA = 1;
 220   2                  break;
 221   2              
 222   2              case 0xB8:
 223   2                  //P3 = 0xB8;
 224   2                  //I2DAT = data_received[data_num];
 225   2                  //data_num++;
 226   2                  AA = 1;
 227   2                  break;
 228   2      
 229   2              case 0xC0:
 230   2                  AA = 1;
 231   2                  break; 
 232   2      
 233   2              case 0xC8:
 234   2                  //P3 = 0xC8;
 235   2                  AA = 1;
 236   2                  break;        
 237   2          }
 238   1      
 239   1          SI = 0;
C51 COMPILER V9.60.0.0   MAIN                                                              07/03/2025 16:57:05 PAGE 5   

 240   1      //    while(STO);
 241   1      }


MODULE INFORMATION:   STATIC OVERLAYABLE
   CODE SIZE        =    316    ----
   CONSTANT SIZE    =     24    ----
   XDATA SIZE       =   ----    ----
   PDATA SIZE       =   ----    ----
   DATA SIZE        =     15    ----
   IDATA SIZE       =   ----    ----
   BIT SIZE         =      1    ----
END OF MODULE INFORMATION.


C51 COMPILATION COMPLETE.  0 WARNING(S),  0 ERROR(S)
